// Jest Snapshot v1, https://goo.gl/fbAQLP

exports[`AppRouter test should show login if user is no authenticated 1`] = `
<div>
  <div
    className="container mt-5"
  >
    <h2>
       LoginScreen 
    </h2>
    <hr />
    <button
      className="btn btn-primary"
      onClick={[Function]}
    >
      Login
    </button>
  </div>
</div>
`;
